[teleport-pro.en.uptodown.com/windows/download.html]
[backblue.gif]
[fade.gif]
[index.html]
[securepubads.g.doubleclick.net/tag/js/gpt.js]
[stc.utdstc.com/1659515557324/vendor.css]
[stc.utdstc.com/1659515557324/download.css]
[stc.utdstc.com/1659515557324/vendor-en.js]
[stc.utdstc.com/1659515557324/download-en.js]
[teleport-pro.en.uptodown.com/windows/download.html]
[stc.utdstc.com/1659515557324/vendor.css]
[stc.utdstc.com/1659515557324/download.css]
[teleport-pro.en.uptodown.com/windows/890.html]
[teleport-pro.en.uptodown.com/windows/en.html]
[teleport-pro.en.uptodown.com/windows/audio.html]
[teleport-pro.en.uptodown.com/windows/business.html]
[teleport-pro.en.uptodown.com/windows/desktop.html]
[teleport-pro.en.uptodown.com/windows/development.html]
[teleport-pro.en.uptodown.com/windows/education.html]
[teleport-pro.en.uptodown.com/windows/games.html]
[teleport-pro.en.uptodown.com/windows/internet.html]
[teleport-pro.en.uptodown.com/windows/personal.html]
[teleport-pro.en.uptodown.com/windows/photo-design.html]
[teleport-pro.en.uptodown.com/windows/utilities.html]
[teleport-pro.en.uptodown.com/windows/video.html]
[cdn.cookielaw.org/scripttemplates/otSDKStub.js]
